// Jest Snapshot v1, https://goo.gl/fbAQLP

exports[`matches snapshot 1`] = `
<DocumentFragment>
  <div
    class="Todo "
  >
    <span>
      Test Todo
    </span>
    <button>
      Edit
    </button>
    <button>
      Mark as completed
    </button>
    <button>
      X
    </button>
  </div>
</DocumentFragment>
`;
